     o o o    
     o o o    
 o o o o o o o
 o o . . . o o
 . . . . . . .
     . * .    
     . . .    
Geese play. Enter move:
